QAflisp - FLISP Absolute crossassembler, Version 1.3
(c) GMV 1989-2023


File: 9.18.lst
FC                      1. DIPSWITCH: 		EQU $FC
---- File: "9.18.sflisp"
FB                      2. SEGMENT7:		EQU $FB
79                      3. SEG_ERROR		EQU %01111001
00                      4. 				ORG $0
00 3F 06 5B 4F 66 6D    5. seg_table:		FCB 63,6,91,79,102,109,125,7,127,111
     7D 07 7F 6F      
20                      6. 				ORG $20
20 A0 FB                7. DisplaySegE:	LDX Segmentkod 		; X <- Segmentkod
22 F1 FC                8. DisplaySegE_1:	LDA DIPSWITCH 		; A <- M(DIPSWITCH)
24 97 0A                9. 				CMPA #10 			; A<10 ?
26 28 04               10. 				BLO DisplaySegE_2 	; JA
28 F0 79               11. 				LDA #SEG_ERROR		; NEJ
2A 33 2D               12. 				JMP DisplaySegE_3
2C F4                  13. DisplaySegE_2:	LDA A,X				; A <- M(A+X)
2D E1 FB               14. DisplaySegE_3:	STA SEGMENT7		; M(SEGMENT7) <- A
2F 33 22               15. 				JMP DisplaySegE_1
FB                     16. 				ORG SEGMENT7
FB 00                  17. Segmentkod:		FCB $0
FC 00                  18. 				FCB $0
FF                     19. 				ORG $FF
FF 20                  20. 				FCB $20